<!DOCTYPE html><html lang="en"><head><title>Statement</title><style>body { font-family: Arial, sans-serif; width: 60%; margin: auto; border: 1px solid #000; padding: 20px; box-shadow: 0px 0px 10px rgba(0, 0, 0, 0.1); }h1 { text-align: center; }table { width: 100%; border-collapse: collapse; margin-top: 20px; }th, td { border: 1px solid #000; padding: 10px; }td { text-align: center; }.total { font-weight: bold; }.warning { margin-top: 30px; color: red; font-weight: bold; font-style: italic; }</style></head><body><h1>Statement for BigCo</h1><table><tr><th>Piece</th><th>Seats sold</th><th>Price</th></tr><tr><td>Hamlet</td><td>55</td><td>$650.00</td></tr><tr><td>As You Like It</td><td>35</td><td>$580.00</td></tr><tr><td>Othello</td><td>40</td><td>$500.00</td></tr><tr class="total"><td colspan="2">Total owed:</td><td>$1,730.00</td></tr><p>You earned 47 credits</p></table><p class="warning">Payment is required under 30 days. We can siphon your SOUL if you don't do so.</p></body></html>